@ 1000 in SOA localhost. postmaster.localhost. 1993050801 3600 1800 604800 3600
secure1 3600 IN DNSKEY NOKEY|FLAG2|FLAG4|FLAG5|NTYP3|FLAG8|FLAG9|FLAG10|FLAG11|SIG15 3 3
secure2 3600 in DNSKEY nokey|flag2|flag4|flag5|ntyp3|flag8|flag9|flag10|flag11|sig15 3 3
