@ 300 IN SOA ns hostmaster 00090000 1200 3600 604800 300
