test. 1000 in SOA localhost. postmaster.localhost. 1993050801 3600 1800 604800 3600
test. 1000 in ns ns.test.
test. 1000 in ns ns2.test.
test. 1000 in ns ns3.test.
b.test. 1000 in a 1.2.3.4
b.test. 1000 in a 4.3.2.1
