@ 86400 IN SOA VENERA Action\.domains 20 7200 600 3600000 60
@ 86400 NS A.ISI.EDU.
@ 86400 NS VENERA
@ 86400 NS VAXA
@ 86400 MX 10 VENERA
@ 86400 MX 20 VAXA
@ 86400 A A 26.3.0.103
VENERA 86400 A 10.1.0.52
VENERA 86400 A 128.9.0.32
VAXA 86400 A 10.2.0.27
VAXA 86400 A 128.9.0.33
