example.com. 86400 IN SOA dns1.example.com. hostmaster.example.com. 2001062501 21600 3600 604800 86400
example.com. 86400 IN NS dns1.example.com.
example.com. 86400 IN NS dns2.example.com.
example.com. 86400 IN MX 10 mail.example.com.
example.com. 86400 IN MX 20 mail2.example.com.
dns1.example.com. 86400 IN A 10.0.1.1
dns2.example.com. 86400 IN A 10.0.1.2
server1.example.com. 86400 IN A 10.0.1.5
server2.example.com. 86400 IN A 10.0.1.6
ftp.example.com. 86400 IN A 10.0.1.3
ftp.example.com. 86400 IN A 10.0.1.4
mail.example.com. 86400 IN CNAME server1
mail2.example.com. 86400 IN CNAME server2
www.example.com. 86400 IN CNAME server1
